../Core/Src/main.c:120:19:initializeLCD	16	static
../Core/Src/main.c:131:6:fillWithColorLCD	24	static
../Core/Src/main.c:156:6:setActiveFrameBufLCD	16	static
../Core/Src/main.c:165:6:lcdSimpleTest	152	static
../Core/Src/main.c:206:10:generate_random_position	24	static
../Core/Src/main.c:224:5:main	48	static
../Core/Src/main.c:311:6:SystemClock_Config	88	static
../Core/Src/main.c:357:13:MX_CRC_Init	8	static
../Core/Src/main.c:383:13:MX_DMA2D_Init	8	static
../Core/Src/main.c:420:13:MX_I2C3_Init	8	static
../Core/Src/main.c:468:13:MX_LTDC_Init	64	static
../Core/Src/main.c:530:13:MX_RNG_Init	8	static
../Core/Src/main.c:556:13:MX_SPI5_Init	8	static
../Core/Src/main.c:594:13:MX_TIM1_Init	32	static
../Core/Src/main.c:640:13:MX_USART1_UART_Init	8	static
../Core/Src/main.c:669:13:MX_FMC_Init	40	static
../Core/Src/main.c:720:13:MX_GPIO_Init	64	static
../Core/Src/main.c:811:6:StartDefaultTask	16	static
../Core/Src/main.c:832:6:HAL_TIM_PeriodElapsedCallback	16	static
../Core/Src/main.c:849:6:Error_Handler	4	static,ignoring_inline_asm
